// Jest Snapshot v1, https://goo.gl/fbAQLP

exports[`<App /> should render the <App /> 1`] = `ShallowWrapper {}`;
